ERC report (2026-08-31T22:15:35, Encoding UTF8)
Report includes: Errors, Warnings

***** Sheet /
[lib_symbol_issues]: The current configuration does not include the symbol library 'LM3940IMPX-3.3_NOPB'
    ; warning
    @(50.80 mm, 115.57 mm): Symbol U4 [LM3940IMPX-3.3_NOPB]
[lib_symbol_mismatch]: Symbol 'Antenna' doesn't match copy in library 'Device'
    ; warning
    @(64.77 mm, 31.75 mm): Symbol ANT1 [Antenna]
[footprint_link_issues]: The current configuration does not include the footprint library 'PCM1808PWG4'
    ; warning
    @(134.62 mm, 66.04 mm): Symbol U1 [PCM1808PWG4]

***** Sheet /Power Management/

***** Sheet /ESP Transmitter/
[multiple_net_names]: Both ESP_IO0 and SCK are attached to the same items; ESP_IO0 will be used in the netlist
    ; warning
    @(127.00 mm, 76.20 mm): Hierarchical Label 'ESP_IO0'
    @(127.00 mm, 78.74 mm): Hierarchical Label 'SCK'

***** Sheet /ADC/

 ** ERC messages: 4  Errors 0  Warnings 4

 ** Ignored checks:
    - Global label only appears once in the schematic
    - Four connection points are joined together
    - SPICE model issue
    - Assigned footprint doesn't match footprint filters
