ERC report (2026-08-25T21:04:19, Encoding UTF8)
Report includes: Errors, Warnings

***** Sheet /
[footprint_link_issues]: Footprint 'C_0805_2012Metric_Pad1.15x1.40mm_HandSolder' not found in library 'Capacitor_SMD'
    ; warning
    @(950 mils, 4700 mils): Symbol C30 [C]
[footprint_link_issues]: Footprint 'C_0805_2012Metric_Pad1.15x1.40mm_HandSolder' not found in library 'Capacitor_SMD'
    ; warning
    @(1200 mils, 4700 mils): Symbol C22 [C]
[lib_symbol_issues]: The current configuration does not include the symbol library 'LM3940IMPX-3.3_NOPB'
    ; warning
    @(2000 mils, 4550 mils): Symbol U4 [LM3940IMPX-3.3_NOPB]
[footprint_link_issues]: Footprint 'C_0805_2012Metric_Pad1.15x1.40mm_HandSolder' not found in library 'Capacitor_SMD'
    ; warning
    @(2950 mils, 4700 mils): Symbol C23 [C]
[footprint_link_issues]: Footprint 'C_0805_2012Metric_Pad1.15x1.40mm_HandSolder' not found in library 'Capacitor_SMD'
    ; warning
    @(4100 mils, 1150 mils): Symbol C24 [C]
[footprint_link_issues]: Footprint 'C_0805_2012Metric_Pad1.15x1.40mm_HandSolder' not found in library 'Capacitor_SMD'
    ; warning
    @(4500 mils, 1150 mils): Symbol C25 [C]
[footprint_link_issues]: Footprint 'C_0805_2012Metric_Pad1.15x1.40mm_HandSolder' not found in library 'Capacitor_SMD'
    ; warning
    @(5350 mils, 1150 mils): Symbol C26 [C]
[footprint_link_issues]: Footprint 'C_0805_2012Metric_Pad1.15x1.40mm_HandSolder' not found in library 'Capacitor_SMD'
    ; warning
    @(5750 mils, 1150 mils): Symbol C27 [C]
[lib_symbol_issues]: The current configuration does not include the symbol library 'PTN09S2-H10120K1A'
    ; warning
    @(3450 mils, 2250 mils): Symbol VR1 [PTN09S2-H10120K1A]
[lib_symbol_mismatch]: Symbol 'Antenna' doesn't match copy in library 'Device'
    ; warning
    @(1100 mils, 1400 mils): Symbol ANT1 [Antenna]
[footprint_link_issues]: Footprint 'C_0805_2012Metric_Pad1.15x1.40mm_HandSolder' not found in library 'Capacitor_SMD'
    ; warning
    @(5450 mils, 2250 mils): Symbol C11 [C]
[footprint_link_issues]: Footprint 'C_0805_2012Metric_Pad1.15x1.40mm_HandSolder' not found in library 'Capacitor_SMD'
    ; warning
    @(5850 mils, 2250 mils): Symbol C5 [C]
[lib_symbol_issues]: The current configuration does not include the symbol library 'MAX97220AETE_T'
    ; warning
    @(4500 mils, 2550 mils): Symbol U3 [MAX97220AETE_T]

***** Sheet /Power Management/

***** Sheet /ESP Reciever/

***** Sheet /DAC/

***** Sheet /Volume Control/

***** Sheet /Amp/
[multiple_net_names]: Both +3V3 and SVDD are attached to the same items; +3V3 will be used in the netlist
    ; warning
    @(5250 mils, 750 mils): Symbol #PWR06 Pin 1 [Power input, Line]
    @(5200 mils, 1750 mils): Symbol U3 Hidden pin 13 [SVDD, Power input, Line]

 ** ERC messages: 14  Errors 0  Warnings 14

 ** Ignored checks:
    - Global label only appears once in the schematic
    - Four connection points are joined together
    - SPICE model issue
    - Assigned footprint doesn't match footprint filters
